Error in test/golden/kernel/classical_return.brat@FC {start = Pos {line = 4, col = 4}, end = Pos {line = 4, col = 6}}:
  Parse error test/golden/kernel/classical_return.brat:5:6:
  |
5 | f :: { Qubit -o Qubit, Int }
  |      ^^^^^^^^^^^^^^^^^^^^^^^
unexpected { Qubit -o Qubit, Int }
expecting (...), ->, -o, Bit, Bool, Comment, Float, Horizontal space, Int, List, Money, Nat, Option, Pair, Qubit, String, Type, Unit, Vec, \n, identifier, name, whitespace, or {...}


